<!DOCTYPE html>
<html lang="en">

<head>
    <meta charset="UTF-8">
    <meta name="viewport" content="width=device-width, initial-scale=1.0">
    <meta http-equiv="X-UA-Compatible" content="ie=edge">
    <link rel="stylesheet" href="css/bootstrap.css">
    <link rel="stylesheet" href="css/style.css">
    <title>Golden</title>
</head>

<body>
    <header class="header">
        <nav class="header-nav">
            <div class="container">
                <div class="row justify-content-between align-items-center">
                    <div class="col-auto">
                        <a href=""><img src="images/logo.png" alt="Logo"></a>
                    </div>
                    <div class="col-auto">
                        <ul class="d-none d-md-flex">
                            <li><a class="header__link hvr-underline-from-center" href="index.html">Home</a></li>
                            <li><a class="header__link hvr-underline-from-center" href="#services">Services</a></li>
                            <li><a class="header__link hvr-underline-from-center" href="#porfolio">Portfolio</a></li>
                            <li><a class="header__link hvr-underline-from-center" href="#about">About</a></li>
                            <li><a class="header__link hvr-underline-from-center mr-0" href="">Contact</a></li>
                        </ul>
                    </div>
                </div>
            </div>
        </nav>
        <div class="header-content h-100 d-flex flex-column align-items-center justify-content-center text-center">
            <p class="header__sub-title  text-uppercase">Welcome To Our Studio!</p>
            <h1 class="header__title text-uppercase">Itâ€™s nice to Meet you</h1>
            <a class="header-content__link text-uppercase" href="">Tell Me More</a>
        </div>
    </header>
    <main>
        <section class="services" id="services">
            <div class="container">
                <div class="row justify-content-center">
                    <div class="col-auto">
                        <h2 class="main__title">
                            Services
                        </h2>
                        <p class="main__sub-title">
                            Proin iaculis purus consequat sem cure.
                        </p>
                    </div>
                </div>
            </div>
            <div class="container">
                <div class="row justify-content-center align-items-center">
                    <div class="col-md-4 col-sm-6 col-8">
                        <div class="services__card text-center ">
                            <div class="service__img">
                                <img src="images/icon1.png" alt="">
                            </div>
                            <div class="service__desc">
                                <h5>E-Commerce</h5>
                                <p>Proin iaculis purus consequat sem cure
                                    digni ssim. Donec porttitora entum suscipit
                                    aenean rhoncus posuere odio in tincidunt. </p>
                            </div>
                        </div>
                    </div>
                    <div class="col-md-4 col-sm-6 col-8">
                        <div class="services__card text-center">
                            <div class="service__img">
                                <img src="images/icon2.png" alt="">
                            </div>
                            <div class="service__desc">
                                <h5>Responsive Web</h5>
                                <p>Proin iaculis purus consequat sem cure
                                    digni ssim. Donec porttitora entum suscipit
                                    aenean rhoncus posuere odio in tincidunt. </p>
                            </div>
                        </div>
                    </div>
                    <div class="col-md-4 col-sm-6 col-8">
                        <div class="services__card text-center">
                            <div class="service__img">
                                <img src="images/icon3.png" alt="">
                            </div>
                            <div class="service__desc">
                                <h5>Web Security</h5>
                                <p>Proin iaculis purus consequat sem cure
                                    digni ssim. Donec porttitora entum suscipit
                                    aenean rhoncus posuere odio in tincidunt.</p>
                            </div>
                        </div>
                    </div>
                </div>
            </div>
        </section>
        <section class="porfolio" id="porfolio">
            <div class="container">
                <div class="row justify-content-center">
                    <div class="col-auto">
                        <h2 class="main__title">
                            Our portfolio
                        </h2>
                        <p class="main__sub-title">
                            Proin iaculis purus consequat sem cure.
                        </p>
                    </div>
                </div>
            </div>
            <div class="container">
                <div class="row justify-content-center align-items-center">
                    <div class="col-md-4 col-sm-6 col-10">
                        <div class="posfolio__card">
                            <div class="porfolio__img">
                                <img src="images/img1.jpg" alt="">
                            </div>
                        </div>
                    </div>
                    <div class="col-md-4 col-sm-6 col-10">
                        <div class="posfolio__card">
                            <div class="porfolio__img">
                                <img src="images/img2.jpg" alt="">
                            </div>
                        </div>
                    </div>
                    <div class="col-md-4 col-sm-6 col-10">
                        <div class="posfolio__card">
                            <div class="porfolio__img">
                                <img src="images/img3.jpg" alt="">
                            </div>
                        </div>
                    </div>
                </div>
            </div>
        </section>
        <section class="about" id="about">
            <div class="container">
                <div class="row justify-content-center">
                    <div class="col-auto">
                        <h2 class="main__title">
                            About Us
                        </h2>
                        <p class="main__sub-title">
                            Proin iaculis purus consequat sem cure.
                        </p>
                    </div>
                </div>
            </div>
            <div class="container">
                <div class="row justify-content-between align-items-center">
                    <div class="col-md-6 col-12">
                        <div class="about__card-left d-flex">
                            <div class="about__desc text-right">
                                <h5>July 2010 <br>
                                    Our Humble Beginnings
                                </h5>
                                <p>Proin iaculis purus consequat sem cure
                                    digni ssim. Donec porttitora entum suscipit
                                    aenean rhoncus posuere odio in tincidunt. Proin
                                    iaculis purus consequat sem cure digni
                                    ssim. Donec porttitora entum suscipit.</p>
                            </div>
                            <div class="about__img">
                                <img src="images/about1.jpg" alt="">
                            </div>
                        </div>
                    </div>
                    <div class="col-md-6 col-12">
                        <div class="about__card-right d-flex">
                            <div class="about__img">
                                <img src="images/about2.jpg" alt="">
                            </div>
                            <div class="about__desc text-left">
                                <h5>July 2010 <br>
                                    Our Humble Beginnings
                                </h5>
                                <p>Proin iaculis purus consequat sem cure
                                    digni ssim. Donec porttitora entum suscipit
                                    aenean rhoncus posuere odio in tincidunt. Proin
                                    iaculis purus consequat sem cure digni
                                    ssim. Donec porttitora entum suscipit.</p>
                            </div>
                        </div>
                    </div>
                    <div class="col-md-12">
                        <div class="about__card text-center">
                            <div class="about__img">
                                <img src="images/about3.jpg" alt="">
                            </div>
                            <div class="about__desc text-center ml-auto mr-auto">
                                <h5>July 2010 <br>
                                    Our Humble Beginnings
                                </h5>
                                <p>Proin iaculis purus consequat sem cure
                                    digni ssim. Donec porttitora entum suscipit
                                    aenean rhoncus posuere odio in tincidunt. Proin
                                    iaculis purus consequat sem cure digni
                                    ssim. Donec porttitora entum suscipit.</p>
                            </div>
                        </div>
                    </div>
                </div>
            </div>
        </section>
    </main>
</body>

</html>